[backblue.gif]
[fade.gif]
[index.html]
[moniepoint.com/index.html]
[moniepoint.com/ng/business.html]
[moniepoint.com/business/hero.png]
[moniepoint.com/business/hero-sub.png]
[moniepoint.com/manifest.json]
[moniepoint.com/icon.svg]
[moniepoint.com/fonts/AventaVariable.woff2]
[moniepoint.com/fonts/AventaItalicVariable.woff2]
[moniepoint.com/_next/static/chunks/polyfills-42372ed130431b0a.js]
[moniepoint.com/_next/static/chunks/5917.721d47a5be558837.js]
[moniepoint.com/_next/static/chunks/2610.00c7317b543957ec.js]
[moniepoint.com/_next/static/chunks/4852.23ffa5ba55a65b0b.js]
[moniepoint.com/_next/static/chunks/6066.1cf3f6190e2481a7.js]
[moniepoint.com/_next/static/chunks/webpack-05152343d9090c15.js]
[moniepoint.com/_next/static/chunks/framework-f0cff53485ca1965.js]
[moniepoint.com/_next/static/chunks/main-6ba6971b7d756ebf.js]
[moniepoint.com/_next/static/chunks/pages/_app-5b60dddd27e96157.js]
[moniepoint.com/_next/static/chunks/d3a2d874-807a8c34cd6e03dc.js]
[moniepoint.com/_next/static/chunks/b66dbba2-3fa91f14e1667bac.js]
[moniepoint.com/_next/static/chunks/842-aa9f4796f70ef6eb.js]
[moniepoint.com/_next/static/chunks/6084-c68adcf2956f2ae6.js]
[moniepoint.com/_next/static/chunks/6970-8a0263fcd0e6961a.js]
[moniepoint.com/_next/static/chunks/5507-4a5ab81455ca6803.js]
[moniepoint.com/_next/static/chunks/3010-047cea83f3907636.js]
[moniepoint.com/_next/static/chunks/pages/ng/business-893f0c19247db8be.js]
[moniepoint.com/_next/static/MAJJth7axJahdbIMzb21l/_buildManifest.js]
[moniepoint.com/_next/static/MAJJth7axJahdbIMzb21l/_ssgManifest.js]
[moniepoint.com/_next/static/css/2934f166ff358887.css]
[moniepoint.com/_next/static/css/c0f717f6871858b1.css]
[moniepoint.com/_next/static/css/d5d6b77b2e877485.css]
[moniepoint.com/_next/static/css/5d8361c32331e663.css]
[moniepoint.com/_next/static/css/8c4f5a99e6fc2ac3.css]
[moniepoint.com/_next/static/css/6c0a5eb551293dd6.css]
[moniepoint.com/_next/static/css/1d97162a555c05b1.css]
[moniepoint.com/flags/gb.svg]
[moniepoint.com/flags/nig.svg]
[moniepoint.com/flags/ken.svg]
[moniepoint.com/ng/cookie-policy.html]
[moniepoint.com/pos/promo.png]
[moniepoint.com/ng/business/point-of-sale-terminal/promotions.html]
[moniepoint.com/ng/privacy-policy.html]
[moniepoint.com/logo-mfb.png]
[moniepoint.com/ng/personal.html]
[moniepoint.com/ng/business/business-account.html]
[moniepoint.com/ng/moniepoint-ussd.html]
[moniepoint.com/ng/business/savings.html]
[moniepoint.com/culture.html]
[moniepoint.com/careers.html]
[moniepoint.com/press.html]
[moniepoint.com/ng/about.html]
[moniepoint.com/ng/contact.html]
[moniepoint.com/blog.html]
[moniepoint.com/ng/biz-1.png]
[moniepoint.com/ng/biz-2.png]
[moniepoint.com/ng/biz-3.png]
[moniepoint.com/ng/biz-4.png]
[moniepoint.com/ng/biz-5.png]
[moniepoint.com/ng/biz-6.png]
[moniepoint.com/ng/biz-7.png]
[moniepoint.com/ng/biz-8.png]
[moniepoint.com/business/tool1.png]
[moniepoint.com/ng/business/point-of-sale-terminal.html]
[moniepoint.com/business/tool2.png]
[moniepoint.com/ng/business/expense-card.html]
[moniepoint.com/business/tool3.png]
[moniepoint.com/ng/business/working-capital-loans.html]
[moniepoint.com/business/tool4.png]
[moniepoint.com/business/tool6.png]
[moniepoint.com/moniebook.html]
[moniepoint.com/business/tool7.png]
[moniepoint.com/culture/play.svg]
[moniepoint.com/benefits/manage.svg]
[moniepoint.com/benefits/performance.svg]
[moniepoint.com/benefits/help.svg]
[moniepoint.com/start/ng-1.png]
[moniepoint.com/start/ng-2.png]
[moniepoint.com/start/ng-3.png]
[moniepoint.com/start/ng-4.png]
[moniepoint.com/apple.svg]
[moniepoint.com/playstore.svg]
[moniepoint.com/blog/7-profitable-home-based-businesses-beginners.html]
[moniepoint.com/blog/reset-forgotten-bank-password.html]
[moniepoint.com/blog/secure-digital-bank-login.html]
[moniepoint.com/blog/best-mobile-app-bill-payment-nigeria.html]
[moniepoint.com/blog/free-transfer-mobile-bank-nigeria.html]
[moniepoint.com/blog/best-mobile-transfer-app-nigeria.html]
[moniepoint.com/blog/highest-interest-rate-digital-banks.html]
[moniepoint.com/blog/moniepoint-features-2026.html]
[moniepoint.com/blog/realistic-budget-that-works-in-nigeria.html]
[moniepoint.com/ctaL.svg]
[moniepoint.com/logo-mfb-white.png]
[moniepoint.com/ng/personal/instant-debit-card.html]
[moniepoint.com/ng/personal/personal-account.html]
[moniepoint.com/ng/personal/payment.html]
[moniepoint.com/ng/digital-banking.html]
[moniepoint.com/ng/whistleblower-policy.html]
[moniepoint.com/ng/ims-policy.html]
[moniepoint.com/report-a-vulnerability.html]
[moniepoint.com/cdn-cgi/l/email-protection]
[moniepoint.com/socials/linkedin.svg]
[moniepoint.com/socials/twitter.svg]
[moniepoint.com/socials/instagram.svg]
[moniepoint.com/socials/youtube.svg]
[moniepoint.com/ng/find-a-location.html]
[moniepoint.com/ng/business.html]
[moniepoint.com/business/hero.html]
[moniepoint.com/icon.svg]
[moniepoint.com/cdn-cgi/scripts/5c5dd728/cloudflare-static/email-decode.min.js]
[moniepoint.com/fonts/Aventa-Black.ttf]
[moniepoint.com/fonts/Aventa-Bold.ttf]
[moniepoint.com/fonts/Aventa-ExtraBold.ttf]
[moniepoint.com/fonts/Aventa-Medium.ttf]
[moniepoint.com/fonts/Aventa-SemiBold.ttf]
[moniepoint.com/_next/static/css/2934f166ff358887.css]
[moniepoint.com/_next/static/css/c0f717f6871858b1.css]
[moniepoint.com/_next/static/css/d5d6b77b2e877485.css]
[moniepoint.com/_next/static/css/5d8361c32331e663.css]
[moniepoint.com/_next/static/css/8c4f5a99e6fc2ac3.css]
[moniepoint.com/_next/static/css/6c0a5eb551293dd6.css]
[moniepoint.com/_next/static/css/1d97162a555c05b1.css]
[moniepoint.com/flags/gb.svg]
[moniepoint.com/flags/nig.svg]
[moniepoint.com/flags/ken.svg]
[moniepoint.com/fonts/GeneralSans-Semibold.ttf]
[moniepoint.com/global/seo.png]
[moniepoint.com/_next/static/chunks/pages/ng/cookie-policy-3f3c0ccd979033de.js]
[moniepoint.com/_next/static/css/d7ab4f4f71684716.css]
[moniepoint.com/ng/cookie-policy.html]
[moniepoint.com/_next/static/chunks/7883-c4520f28cfe5e17b.js]
[moniepoint.com/_next/static/chunks/pages/ng/business/point-of-sale-terminal/promotions-9c727ba85b7002ae.js]
[moniepoint.com/_next/static/css/021c7e0e7885eadb.css]
[moniepoint.com/pos/how-it-works-payments.png]
[moniepoint.com/pos/pos-transfers.png]
[moniepoint.com/ng/business/point-of-sale-terminal/promotions.html]
[moniepoint.com/_next/static/chunks/pages/ng/privacy-policy-96d52ace8e1fedc7.js]
[moniepoint.com/documents/dsr-form.pdf]
[moniepoint.com/ng/www.moniepoint.com/ng]
[moniepoint.com/ng/www.atm.moniepoint.com/login/web]
[moniepoint.com/ng/privacy-policy.html]
[moniepoint.com/personal/hero.png]
[moniepoint.com/_next/static/chunks/pages/ng/personal-81677eb1a06620f6.js]
[moniepoint.com/gb/Spiral_Pattern.svg]
[moniepoint.com/_next/static/css/d7f992fc29f24799.css]
[moniepoint.com/ng/personal/savings.html]
[moniepoint.com/personal/tool1.png]
[moniepoint.com/personal/tool2.png]
[moniepoint.com/personal/tool3.png]
[moniepoint.com/personal/tool4.png]
[moniepoint.com/personal/millionaires-season.webp]
[moniepoint.com/ng/millionaire-season.html]
[moniepoint.com/benefits/art.svg]
[moniepoint.com/benefits/pro.svg]
[moniepoint.com/benefits/sim.svg]
[moniepoint.com/benefits/virtual.svg]
[moniepoint.com/benefits/business.svg]
[moniepoint.com/benefits/clock.svg]
[moniepoint.com/personal/start-1.png]
[moniepoint.com/personal/start-2.png]
[moniepoint.com/personal/start-3.png]
[moniepoint.com/personal/start-4.png]
[moniepoint.com/ng/personal.html]
[moniepoint.com/business/hero-b.png]
[moniepoint.com/_next/static/chunks/2653-316f0a796de80a17.js]
[moniepoint.com/_next/static/chunks/pages/ng/business/[slug]-60a151c51591730f.js]
[moniepoint.com/_next/static/css/f9cff3ebff4cc9cc.css]
[moniepoint.com/stats/ter.svg]
[moniepoint.com/stats/pmt.svg]
[moniepoint.com/stats/suc.svg]
[moniepoint.com/business/business-1.png]
[moniepoint.com/business/business-2.png]
[moniepoint.com/business/business-3.png]
[moniepoint.com/business/business-4.png]
[moniepoint.com/start/bus-1.png]
[moniepoint.com/start/bus-2.png]
[moniepoint.com/start/bus-3.png]
[moniepoint.com/start/bus-4.png]
[moniepoint.com/ng/business/business-account.html]
[moniepoint.com/business/hero-u.png]
[moniepoint.com/_next/static/chunks/pages/ng/moniepoint-ussd-135c8ddab2f8f3b4.js]
[moniepoint.com/_next/static/css/325f2455ea50452f.css]
[moniepoint.com/pos/pos-5.png]
[moniepoint.com/pos/pos-6.png]
[moniepoint.com/pos/pos-7.png]
[moniepoint.com/pos/pos-8.png]
[moniepoint.com/start/pos-5.png]
[moniepoint.com/start/pos-6.png]
[moniepoint.com/start/pos-7.png]
[moniepoint.com/start/pos-8.png]
[moniepoint.com/ng/moniepoint-ussd.html]
[moniepoint.com/business/hero-s.png]
[moniepoint.com/personal/savings-d-1.png]
[moniepoint.com/personal/savings-d-2.png]
[moniepoint.com/personal/savings-d-3.png]
[moniepoint.com/personal/savings-d-4.png]
[moniepoint.com/business/savings-1.png]
[moniepoint.com/business/savings-2.png]
[moniepoint.com/business/savings-3.png]
[moniepoint.com/business/savings-4.png]
[moniepoint.com/ng/business/savings.html]
[moniepoint.com/_next/static/chunks/pages/culture-0f49dc75b048ac27.js]
[moniepoint.com/global/hero.svg]
[moniepoint.com/global/dream.png]
[moniepoint.com/_next/static/css/4c195c760fcc7671.css]
[moniepoint.com/logo-icon.svg]
[moniepoint.com/banking.html]
[moniepoint.com/credit.html]
[moniepoint.com/payments.html]
[moniepoint.com/business-management.html]
[moniepoint.com/about.html]
[moniepoint.com/contact.html]
[moniepoint.com/culture/ce.png]
[moniepoint.com/culture/sy.png]
[moniepoint.com/culture/gr.png]
[moniepoint.com/culture/ne.png]
[moniepoint.com/culture/ca.png]
[moniepoint.com/culture/in.png]
[moniepoint.com/culture/td.png]
[moniepoint.com/culture/ow.png]
[moniepoint.com/global/magic1.png]
[moniepoint.com/global/magic2.png]
[moniepoint.com/global/magic3.png]
[moniepoint.com/global/magic4.png]
[moniepoint.com/global/magic5.png]
[moniepoint.com/blog/meet-the-dreammaker-chiamaka-a-site-reliability-engineer-at-teamapt.html]
[moniepoint.com/blog/meet-the-dreammaker-uche-compliance-business-partner-at-moniepoint.html]
[moniepoint.com/blog/nancy-on-mastering-her-craft-at-moniepoint.html]
[moniepoint.com/logo-icon-white.svg]
[moniepoint.com/privacy-policy.html]
[moniepoint.com/culture.html]
[moniepoint.com/careers/LOADER_ANIM05.gif]
[moniepoint.com/_next/static/chunks/2471-1ebe6987c4f8666f.js]
[moniepoint.com/_next/static/chunks/pages/careers-a198c1bb1a45c619.js]
[moniepoint.com/_next/static/css/06fdb7b95c66daf6.css]
[moniepoint.com/icons/work.svg]
[moniepoint.com/icons/pension.svg]
[moniepoint.com/icons/leave.svg]
[moniepoint.com/icons/health.svg]
[moniepoint.com/icons/portfolio.svg]
[moniepoint.com/icons/mental.svg]
[moniepoint.com/icons/team.svg]
[moniepoint.com/icons/merch.svg]
[moniepoint.com/global/ip-1.png]
[moniepoint.com/global/ip-2.png]
[moniepoint.com/global/ip-3.png]
[moniepoint.com/global/ip-4.png]
[moniepoint.com/careers.html]
[moniepoint.com/_next/static/chunks/pages/press-dd03fe4504c4f555.js]
[moniepoint.com/global/press-asset.svg]
[moniepoint.com/_next/static/css/efe0b1985a723008.css]
[moniepoint.com/press.html]
[moniepoint.com/_next/static/chunks/pages/ng/about-3b9abd3a99f7d5c2.js]
[moniepoint.com/business/shape.svg]
[moniepoint.com/_next/static/css/8b47955e3fa1fb9a.css]
[moniepoint.com/business/people.jpg]
[moniepoint.com/ng/about.html]
[moniepoint.com/_next/static/chunks/pages/ng/contact-a23d0e50cbef3be9.js]
[moniepoint.com/_next/static/css/e90b43e62148f09a.css]
[moniepoint.com/contact/engage.svg]
[moniepoint.com/contact/find.svg]
[moniepoint.com/business/owner.png]
[moniepoint.com/business/new.png]
[moniepoint.com/ng/contact.html]
[moniepoint.com/_next/static/chunks/pages/blog-9bb114a313d056d5.js]
[moniepoint.com/blog/spiral.svg]
[moniepoint.com/_next/static/css/8edb388e81505bec.css]
[moniepoint.com/blog/categories/business-tips.html]
[moniepoint.com/blog/categories/education-series.html]
[moniepoint.com/blog/categories/impact-stories.html]
[moniepoint.com/blog/categories/news.html]
[moniepoint.com/blog/categories/people.html]
[moniepoint.com/blog/categories/product-updates.html]
[moniepoint.com/blog/categories/tech-and-processes.html]
[moniepoint.com/blog/the-most-interesting-data-about-nigerias-foodservice-industry.html]
[moniepoint.com/blog/moniepoint-strengthens-homegrown-talent-pipeline-as-dreamdevs-bootcamp-graduates-second-cohort.html]
[moniepoint.com/blog/moniepoint-group-ceo-makes-case-for-credit-layering-on-nigerias-payment-infrastructure-as-cbn-rolls-out-psv-2028.html]
[moniepoint.com/blog.html]
[moniepoint.com/blog/card.svg]
[moniepoint.com/business/hero-p.png]
[moniepoint.com/pos/pos-1.png]
[moniepoint.com/pos/pos-2.png]
[moniepoint.com/pos/pos-3.png]
[moniepoint.com/pos/pos-4.png]
[moniepoint.com/start/pos-1.png]
[moniepoint.com/start/pos-2.png]
[moniepoint.com/start/pos-3.png]
[moniepoint.com/start/pos-4.png]
[moniepoint.com/benefits/secure.svg]
[moniepoint.com/benefits/protection.svg]
[moniepoint.com/benefits/anytime.svg]
[moniepoint.com/pos/pos-payments.png]
[moniepoint.com/business/pos1.png]
[moniepoint.com/static/pos-a5b64aedfeeba008a185b750fff44160.mp4]
[moniepoint.com/pos/smart.png]
[moniepoint.com/pos/mpos.png]
[moniepoint.com/pos/smart-t.png]
[moniepoint.com/pos/smart-manual.png]
[moniepoint.com/pos/smart-paper.png]
[moniepoint.com/pos/smart-charger.png]
[moniepoint.com/ng/business/point-of-sale-terminal.html]
[moniepoint.com/business/hero-c.png]
[moniepoint.com/business/expense-card-1.png]
[moniepoint.com/business/expense-card-2.png]
[moniepoint.com/business/expense-card-3.png]
[moniepoint.com/business/expense-card-4.png]
[moniepoint.com/start/exp-1.png]
[moniepoint.com/start/exp-2.png]
[moniepoint.com/start/exp-3.png]
[moniepoint.com/start/exp-4.png]
[moniepoint.com/start/exp-5.png]
[moniepoint.com/stats/card.svg]
[moniepoint.com/stats/lim.svg]
[moniepoint.com/stats/ass.svg]
[moniepoint.com/ng/business/expense-card.html]
[moniepoint.com/business/hero-w.png]
[moniepoint.com/business/loans-1.png]
[moniepoint.com/business/loans-2.png]
[moniepoint.com/business/loans-3.png]
[moniepoint.com/business/loans-4.png]
[moniepoint.com/start/wor-1.png]
[moniepoint.com/start/wor-2.png]
[moniepoint.com/start/wor-3.png]
[moniepoint.com/start/wor-4.png]
[moniepoint.com/ng/business/working-capital-loans.html]
[moniepoint.com/business/hero-m.png]
[moniepoint.com/_next/static/chunks/pages/moniebook-affad87a30e59295.js]
[moniepoint.com/business/moniebook-card-1.png]
[moniepoint.com/business/moniebook-card-2.png]
[moniepoint.com/business/moniebook-card-3.png]
[moniepoint.com/business/moniebook-card-4.png]
[moniepoint.com/business/feature-card-1.svg]
[moniepoint.com/business/feature-card-2.svg]
[moniepoint.com/business/feature-card-3.svg]
[moniepoint.com/business/feature-card-4.svg]
[moniepoint.com/business/feature-card-5.svg]
[moniepoint.com/business/feature-card-6.svg]
[moniepoint.com/moniebook/testimonial-1.png]
[moniepoint.com/moniebook/testimonial-2.png]
[moniepoint.com/moniebook/testimonial-3.png]
[moniepoint.com/moniebook/testimonial-4.png]
[moniepoint.com/moniebook/testimonial-5.png]
[moniepoint.com/moniebook.html]
[moniepoint.com/culture/play.svg]
[moniepoint.com/benefits/manage.svg]
[moniepoint.com/benefits/performance.svg]
[moniepoint.com/benefits/help.svg]
[moniepoint.com/apple.svg]
[moniepoint.com/playstore.svg]
[moniepoint.com/_next/static/chunks/2685-e82dc80d39d0735d.js]
[moniepoint.com/_next/static/chunks/7286-580d8e4a729200fb.js]
[moniepoint.com/_next/static/chunks/pages/blog/[slug]-ef3e0ffc9d8398eb.js]
[moniepoint.com/_next/static/css/4ccab50b100632cc.css]
[moniepoint.com/blog/categories/engineering.html]
[moniepoint.com/blog/arr.svg]
[moniepoint.com/blog/author/chidinma-nwonye.html]
[moniepoint.com/blog/telegram.svg]
[moniepoint.com/blog/twitter.svg]
[moniepoint.com/blog/facebook.svg]
[moniepoint.com/blog/7-profitable-home-based-businesses-beginners.html]
[moniepoint.com/blog/how-to-get-moniepoint-pos.html]
[moniepoint.com/blog/protect-your-money-from-fraud-in-nigeria.html]
[moniepoint.com/blog/reset-forgotten-bank-password.html]
[moniepoint.com/blog/secure-digital-bank-login.html]
[moniepoint.com/blog/best-mobile-app-bill-payment-nigeria.html]
[moniepoint.com/blog/free-transfer-mobile-bank-nigeria.html]
[moniepoint.com/blog/best-mobile-transfer-app-nigeria.html]
[moniepoint.com/blog/moniepoint-card-upgrade.html]
[moniepoint.com/ng/savings/target-savings.html]
[moniepoint.com/ng/savings/flexible-savings.html]
[moniepoint.com/blog/highest-interest-rate-digital-banks.html]
[moniepoint.com/ng/savings/fixed-deposit.html]
[moniepoint.com/blog/author/moniepoint-nigeria.html]
[moniepoint.com/blog/moniepoint-features-2026.html]
[moniepoint.com/blog/realistic-budget-that-works-in-nigeria.html]
[moniepoint.com/ctaL.svg]
[moniepoint.com/personal/card-hero.png]
[moniepoint.com/_next/static/chunks/pages/ng/personal/[slug]-3636a67e4a79b4cc.js]
[moniepoint.com/_next/static/css/d00b1dae66084bcb.css]
[moniepoint.com/business/debit-card-1.png]
[moniepoint.com/business/debit-card-2.png]
[moniepoint.com/business/debit-card-3.png]
[moniepoint.com/business/debit-card-4.png]
[moniepoint.com/start/ins-1.png]
[moniepoint.com/start/ins-2.png]
[moniepoint.com/start/ins-3.png]
[moniepoint.com/start/ins-4.png]
[moniepoint.com/benefits/card.svg]
[moniepoint.com/businesses/max.png]
[moniepoint.com/businesses/migo.png]
[moniepoint.com/businesses/bamboo.png]
[moniepoint.com/businesses/fairmoney.png]
[moniepoint.com/businesses/payu.png]
[moniepoint.com/businesses/piggyvest.png]
[moniepoint.com/businesses/cowrywise.png]
[moniepoint.com/businesses/cubana.png]
[moniepoint.com/businesses/jendol.png]
[moniepoint.com/businesses/theplace.png]
[moniepoint.com/businesses/jumiapay.png]
[moniepoint.com/businesses/kongapay.png]
[moniepoint.com/businesses/quickcheck.png]
[moniepoint.com/businesses/gigm.png]
[moniepoint.com/ng/personal/instant-debit-card.html]
[moniepoint.com/business/personal-account.png]
[moniepoint.com/ng/personal/personal-account1748.html]
[moniepoint.com/business/personal-banking-1.png]
[moniepoint.com/business/personal-banking-2.png]
[moniepoint.com/business/personal-banking-3.png]
[moniepoint.com/business/personal-banking-4.png]
[moniepoint.com/start/per-1.png]
[moniepoint.com/start/per-2.png]
[moniepoint.com/start/per-3.png]
[moniepoint.com/start/per-4.png]
[moniepoint.com/ctaD.svg]
[moniepoint.com/ng/personal/personal-account.html]
[moniepoint.com/business/payments.png]
[moniepoint.com/business/payment-1.png]
[moniepoint.com/business/payment-2.png]
[moniepoint.com/business/payment-3.png]
[moniepoint.com/business/payment-4.png]
[moniepoint.com/start/pmt-1.png]
[moniepoint.com/start/pmt-2.png]
[moniepoint.com/start/pmt-3.png]
[moniepoint.com/start/pmt-4.png]
[moniepoint.com/ng/personal/payment.html]
[moniepoint.com/tvc/personal/bg-1.png]
[moniepoint.com/_next/static/chunks/pages/ng/digital-banking-56ed8ee6ba1417b5.js]
[moniepoint.com/tvc/bg-2.png]
[moniepoint.com/_next/static/css/7516a69ad15651ca.css]
[moniepoint.com/tvc/personal/qr-code.svg]
[moniepoint.com/tvc/account.svg]
[moniepoint.com/tvc/icons/icon-2.svg]
[moniepoint.com/tvc/Vector.svg]
[moniepoint.com/tvc/personal/image-1.png]
[moniepoint.com/tvc/icons/icon-9.svg]
[moniepoint.com/tvc/personal/image-2.png]
[moniepoint.com/tvc/icons/icon-4.svg]
[moniepoint.com/tvc/personal/image-3.png]
[moniepoint.com/tvc/icons/icon-1.svg]
[moniepoint.com/tvc/personal/image-4.png]
[moniepoint.com/tvc/personal/phone.svg]
[moniepoint.com/tvc/personal/image-5.png]
[moniepoint.com/tvc/personal/image-6.png]
[moniepoint.com/tvc/business/qr-code.svg]
[moniepoint.com/tvc/business/product.png]
[moniepoint.com/tvc/business/image-1.png]
[moniepoint.com/tvc/icons/icon-10.svg]
[moniepoint.com/tvc/business/image-2.png]
[moniepoint.com/tvc/icons/icon-3.svg]
[moniepoint.com/tvc/business/image-3.png]
[moniepoint.com/tvc/business/alerts.svg]
[moniepoint.com/tvc/business/image-4.png]
[moniepoint.com/tvc/icons/icon-5.svg]
[moniepoint.com/tvc/business/image-5.png]
[moniepoint.com/tvc/icons/icon-6.svg]
[moniepoint.com/tvc/business/image-6.png]
[moniepoint.com/tvc/icons/icon-7.svg]
[moniepoint.com/tvc/business/image-7.png]
[moniepoint.com/tvc/business/Settings-1.svg]
[moniepoint.com/tvc/business/Settings-2.svg]
[moniepoint.com/tvc/business/Settings-3.svg]
[moniepoint.com/tvc/icons/icon-8.svg]
[moniepoint.com/tvc/business/image-8.png]
[moniepoint.com/ng/digital-banking.html]
[moniepoint.com/_next/static/chunks/pages/ng/whistleblower-policy-94144b68f7d96cd5.js]
[moniepoint.com/ng/whistleblower-policy.html]
[moniepoint.com/_next/static/chunks/pages/ng/ims-policy-ed9a4299edcffd2b.js]
[moniepoint.com/ng/ims-policy.html]
[moniepoint.com/_next/static/chunks/pages/report-a-vulnerability-3734e63da987752b.js]
[moniepoint.com/_next/static/css/89cef997cb1a971f.css]
[moniepoint.com/report-a-vulnerability.html]
[moniepoint.com/cdn-cgi/l/email-protection.html]
[moniepoint.com/socials/linkedin.svg]
[moniepoint.com/socials/twitter.svg]
[moniepoint.com/socials/instagram.svg]
[moniepoint.com/socials/youtube.svg]
[moniepoint.com/_next/static/chunks/ee97cf97-35a7cc75cedda26a.js]
[moniepoint.com/_next/static/chunks/pages/ng/find-a-location-572425d0b1b20e9a.js]
[moniepoint.com/_next/static/css/bbb32c8a5f58c2f9.css]
[moniepoint.com/ng/find-a-location.html]
[moniepoint.com/_next/static/css/d7ab4f4f71684716.css]
[moniepoint.com/_next/static/css/021c7e0e7885eadb.css]
[moniepoint.com/ng/www.moniepoint.com/ng.html]
[moniepoint.com/ng/www.atm.moniepoint.com/login/web.html]
[moniepoint.com/gb/Spiral_Pattern.svg]
[moniepoint.com/_next/static/css/d7f992fc29f24799.css]
[moniepoint.com/personal/savings-hero.png]
[moniepoint.com/personal/savings-d-6.png]
[moniepoint.com/personal/savings-d-7.png]
[moniepoint.com/ng/savings/save-as-you-transact.html]
[moniepoint.com/personal/savings-1.png]
[moniepoint.com/personal/savings-5.png]
[moniepoint.com/personal/savings-3.png]
[moniepoint.com/ng/personal/savings.html]
[moniepoint.com/_next/static/chunks/998-6476b73aa9f33fa1.js]
[moniepoint.com/_next/static/chunks/pages/ng/millionaire-season-80bf6ae333bec9df.js]
[moniepoint.com/_next/static/css/1cac4b5969db33ef.css]
[moniepoint.com/millionaire-season/prize-1.svg]
[moniepoint.com/millionaire-season/prize-2.svg]
[moniepoint.com/millionaire-season/prize-3.svg]
[moniepoint.com/millionaire-season/prize-4.svg]
[moniepoint.com/millionaire-season/prize-5.svg]
[moniepoint.com/millionaire-season/prize-6.svg]
[moniepoint.com/millionaire-season/osimhen.png]
[moniepoint.com/millionaire-season/mama-maria.png]
[moniepoint.com/millionaire-season/mama-maria-mobile.png]
[moniepoint.com/ng/millionaire-season.html]
[moniepoint.com/benefits/art.svg]
[moniepoint.com/benefits/pro.svg]
[moniepoint.com/benefits/sim.svg]
[moniepoint.com/benefits/virtual.svg]
[moniepoint.com/benefits/business.svg]
[moniepoint.com/benefits/clock.svg]
[moniepoint.com/business/moniehelp.svg]
[moniepoint.com/business/moniehelp-2.svg]
[moniepoint.com/_next/static/css/f9cff3ebff4cc9cc.css]
[moniepoint.com/stats/ter.svg]
[moniepoint.com/stats/pmt.svg]
[moniepoint.com/stats/suc.svg]
[moniepoint.com/_next/static/css/325f2455ea50452f.css]
[moniepoint.com/global/hero.svg]
[moniepoint.com/_next/static/css/4c195c760fcc7671.css]
[moniepoint.com/logo-icon.svg]
[moniepoint.com/global/banking.png]
[moniepoint.com/_next/static/chunks/pages/[slug]-96017f1fc03f83f5.js]
[moniepoint.com/_next/static/css/2d52f28c12897d67.css]
[moniepoint.com/global/banking-11.png]
[moniepoint.com/global/insight-2.png]
[moniepoint.com/global/support-1.png]
[moniepoint.com/global/card-1.png]
[moniepoint.com/banking.html]
[moniepoint.com/global/credit.png]
[moniepoint.com/global/credit-w.png]
[moniepoint.com/global/support-credit.png]
[moniepoint.com/credit.html]
[moniepoint.com/global/payments.png]
[moniepoint.com/global/payment-1.png]
[moniepoint.com/global/pos-1.png]
[moniepoint.com/global/bank-1.png]
[moniepoint.com/payments.html]
[moniepoint.com/global/mgmt.png]
[moniepoint.com/global/business-2.png]
[moniepoint.com/global/control-2.png]
[moniepoint.com/global/support-biz-1.png]
[moniepoint.com/global/debit-2.png]
[moniepoint.com/business-management.html]
[moniepoint.com/_next/static/chunks/pages/about-3d66418fe4762949.js]
[moniepoint.com/_next/static/css/d6fd252b486027a2.css]
[moniepoint.com/stats/bus.svg]
[moniepoint.com/stats/card-2.svg]
[moniepoint.com/global/video.webp]
[moniepoint.com/awards/ft.png]
[moniepoint.com/awards/bafi.png]
[moniepoint.com/awards/ibs.png]
[moniepoint.com/awards/cbn.png]
[moniepoint.com/about.html]
[moniepoint.com/_next/static/chunks/pages/contact-0d8fa154c5409e98.js]
[moniepoint.com/_next/static/css/a232d1b13538452d.css]
[moniepoint.com/flags/uk.svg]
[moniepoint.com/flags/us.svg]
[moniepoint.com/contact.html]
[moniepoint.com/contact/world.svg]
[moniepoint.com/blog/author/oluwanifemi-adewolu.html]
[moniepoint.com/blog/meet-the-dreammaker-chiamaka-a-site-reliability-engineer-at-teamapt.html]
[moniepoint.com/blog/meet-the-dreammaker-uche-compliance-business-partner-at-moniepoint.html]
[moniepoint.com/blog/from-bootcamp-to-full-time-dreammaker.html]
[moniepoint.com/blog/nancy-on-mastering-her-craft-at-moniepoint.html]
[moniepoint.com/logo-icon-white.svg]
[moniepoint.com/blog/author/bofamene-berepamo.html]
[moniepoint.com/_next/static/chunks/pages/privacy-policy-2af551df7ef036b1.js]
[moniepoint.com/_next/static/css/f206c72c7fb3db6f.css]
[moniepoint.com/privacy-policy.html]
[moniepoint.com/_next/static/css/06fdb7b95c66daf6.css]
[moniepoint.com/icons/work.svg]
[moniepoint.com/icons/pension.svg]
[moniepoint.com/icons/leave.svg]
[moniepoint.com/icons/health.svg]
[moniepoint.com/icons/portfolio.svg]
[moniepoint.com/icons/mental.svg]
[moniepoint.com/icons/team.svg]
[moniepoint.com/icons/merch.svg]
[moniepoint.com/global/press-asset.svg]
[moniepoint.com/_next/static/css/efe0b1985a723008.css]
[moniepoint.com/business/shape.svg]
[moniepoint.com/_next/static/css/8b47955e3fa1fb9a.css]
[moniepoint.com/_next/static/css/e90b43e62148f09a.css]
[moniepoint.com/contact/engage.svg]
[moniepoint.com/contact/find.svg]
[moniepoint.com/blog/spiral.svg]
[moniepoint.com/_next/static/css/8edb388e81505bec.css]
[moniepoint.com/_next/static/chunks/7584-ab69ecb37a8bbb73.js]
[moniepoint.com/_next/static/chunks/pages/blog/categories/[category]-b80b9ed0d3f031a9.js]
[moniepoint.com/blog/categories/business-tips.html]
[moniepoint.com/blog/categories/education-series/dispute-resolution.html]
[moniepoint.com/blog/categories/education-series/fraud-education.html]
[moniepoint.com/blog/categories/education-series/kyc-education.html]
[moniepoint.com/blog/categories/education-series/terminal-related-issue.html]
[moniepoint.com/blog/categories/education-series.html]
[moniepoint.com/blog/how-do-i-resolve-transfer-issues.html]
[moniepoint.com/blog/how-the-world-has-changed-since-our-first-business-loan.html]
[moniepoint.com/blog/how-olorunrinu-is-powering-community-nightlife-in-lagos-with-a-generational-recipe.html]
[moniepoint.com/blog/powering-the-dreams-of-west-africas-first-food-truck-park.html]
[moniepoint.com/blog/a-decade-of-impact-2025-in-review.html]
[moniepoint.com/blog/categories/impact-stories.html]
[moniepoint.com/blog/on-fueling-a-nation-how-moniepoint-powers-nigerias-oil-and-gas-industry.html]
[moniepoint.com/blog/moniepoint-recognised-as-game-changer-as-it-clinches-fintech-company-of-the-year-at-independent-awards-2025.html]
[moniepoint.com/blog/moniepoint-partners-with-gdg-lagos-and-women-techmakers-to-empower-the-next-generation-of-women-architects-in-tech.html]
[moniepoint.com/blog/moniepoint-microfinance-bank-bags-three-awards-reaffirms-industry-leadership-in-innovation-and-inclusion.html]
[moniepoint.com/blog/categories/news.html]
[moniepoint.com/blog/moniepoint-commences-dreamdevs-bootcamp.html]
[moniepoint.com/blog/from-intern-to-team-lead-celestinas-moniepoint-story.html]
[moniepoint.com/blog/categories/people.html]
[moniepoint.com/blog/behind-the-watchlist-a-moniepoint-data-engineers-story-in-episodes-and-feeds.html]
[moniepoint.com/blog/how-to-block-your-atm-card.html]
[moniepoint.com/blog/categories/product-updates.html]
[moniepoint.com/blog/moniepoint-10naira-ussd-fee.html]
[moniepoint.com/blog/whats-the-point-of-physical-address-verification.html]
[moniepoint.com/blog/how-we-made-card-transactions-a-way-to-save.html]
[moniepoint.com/blog/whats-the-point-of-virtual-cards.html]
[moniepoint.com/blog/making-the-dream-how-we-built-an-intuitive-savings-companion-for-nigerians.html]
[moniepoint.com/blog/the-monnify-guide-to-developer-documentation.html]
[moniepoint.com/blog/categories/tech-and-processes.html]
[moniepoint.com/blog/the-most-interesting-data-about-nigerias-foodservice-industry.html]
[moniepoint.com/blog/how-we-built-the-first-direct-integration-with-nigerias-corporate-affairs-commission.html]
[moniepoint.com/blog/moniepoint-strengthens-homegrown-talent-pipeline-as-dreamdevs-bootcamp-graduates-second-cohort.html]
[moniepoint.com/blog/moniepoint-group-ceo-makes-case-for-credit-layering-on-nigerias-payment-infrastructure-as-cbn-rolls-out-psv-2028.html]
[moniepoint.com/blog/card.svg]
[moniepoint.com/benefits/secure.svg]
[moniepoint.com/benefits/protection.svg]
[moniepoint.com/benefits/anytime.svg]
[moniepoint.com/static/pos-a5b64aedfeeba008a185b750fff44160.html]
[moniepoint.com/stats/card.svg]
[moniepoint.com/stats/lim.svg]
[moniepoint.com/stats/ass.svg]
[moniepoint.com/business/feature-card-1.svg]
[moniepoint.com/business/feature-card-2.svg]
[moniepoint.com/business/feature-card-3.svg]
[moniepoint.com/business/feature-card-4.svg]
[moniepoint.com/business/feature-card-5.svg]
[moniepoint.com/business/feature-card-6.svg]
[moniepoint.com/_next/static/css/4ccab50b100632cc.css]
[moniepoint.com/blog/author/bemigho-awala.html]
[moniepoint.com/blog/categories/engineering/culture.html]
[moniepoint.com/blog/categories/engineering/data.html]
[moniepoint.com/blog/categories/engineering/infrastructure.html]
[moniepoint.com/blog/categories/engineering/payments.html]
[moniepoint.com/blog/categories/engineering/research-and-thinking.html]
[moniepoint.com/blog/categories/engineering.html]
[moniepoint.com/blog/arr.svg]
[moniepoint.com/blog/categories/engineering/security-and-reliability.html]
[moniepoint.com/_next/static/chunks/pages/blog/author/[slug]-6d41b78b9a7bf0e7.js]
[moniepoint.com/_next/static/css/a9f377b3ecb8313a.css]
[moniepoint.com/blog/author/chidinma-nwonye.html]
[moniepoint.com/blog/telegram.svg]
[moniepoint.com/blog/twitter.svg]
[moniepoint.com/blog/facebook.svg]
[moniepoint.com/blog/how-to-get-moniepoint-pos.html]
[moniepoint.com/blog/protect-your-money-from-fraud-in-nigeria.html]
[moniepoint.com/blog/moniepoint-card-upgrade.html]
[moniepoint.com/blog/how-to-open-a-moniepoint-business-bank-account.html]
[moniepoint.com/savings/target-savings-hero.png]
[moniepoint.com/_next/static/chunks/pages/ng/savings/[slug]-a80d7635f45044a6.js]
[moniepoint.com/_next/static/css/caab01eeb8db3a1d.css]
[moniepoint.com/icons/goal.svg]
[moniepoint.com/icons/emergency.svg]
[moniepoint.com/icons/award.svg]
[moniepoint.com/icons/interest.svg]
[moniepoint.com/icons/topup.svg]
[moniepoint.com/icons/secure.svg]
[moniepoint.com/icons/halal2.svg]
[moniepoint.com/ng/savings/target-savings.html]
[moniepoint.com/savings/flexible-savings-hero-1.png]
[moniepoint.com/icons/hand.svg]
[moniepoint.com/icons/rollover.svg]
[moniepoint.com/ng/savings/flexible-savings.html]
[moniepoint.com/icons/halal.svg]
[moniepoint.com/savings/fixed-savings-hero-1.png]
[moniepoint.com/ng/savings/fixed-deposit.html]
[moniepoint.com/icons/clock.svg]
[moniepoint.com/blog/moniepoint-microfinance-bank-clarifies-misleading-claims-regarding-customer-detention.html]
[moniepoint.com/blog/author/moniepoint-nigeria.html]
[moniepoint.com/blog/best-savings-apps-nigeria.html]
[moniepoint.com/_next/static/css/d00b1dae66084bcb.css]
[moniepoint.com/benefits/card.svg]
[moniepoint.com/ng/personal/personal-account1748.html]
[moniepoint.com/ctaD.svg]
[moniepoint.com/_next/static/css/7516a69ad15651ca.css]
[moniepoint.com/tvc/personal/qr-code.svg]
[moniepoint.com/tvc/account.svg]
[moniepoint.com/tvc/icons/icon-2.svg]
[moniepoint.com/tvc/Vector.svg]
[moniepoint.com/tvc/icons/icon-9.svg]
[moniepoint.com/tvc/icons/icon-4.svg]
[moniepoint.com/tvc/icons/icon-1.svg]
[moniepoint.com/tvc/personal/phone.svg]
[moniepoint.com/tvc/business/qr-code.svg]
[moniepoint.com/tvc/icons/icon-10.svg]
[moniepoint.com/tvc/icons/icon-3.svg]
[moniepoint.com/tvc/business/alerts.svg]
[moniepoint.com/tvc/icons/icon-5.svg]
[moniepoint.com/tvc/icons/icon-6.svg]
[moniepoint.com/tvc/icons/icon-7.svg]
[moniepoint.com/tvc/business/Settings-1.svg]
[moniepoint.com/tvc/business/Settings-2.svg]
[moniepoint.com/tvc/business/Settings-3.svg]
[moniepoint.com/tvc/icons/icon-8.svg]
[moniepoint.com/_next/static/css/89cef997cb1a971f.css]
[moniepoint.com/_next/static/css/bbb32c8a5f58c2f9.css]
[moniepoint.com/businesses/bg.svg]
[moniepoint.com/savings/hero-sayt.png]
[moniepoint.com/icons/flag.svg]
[moniepoint.com/icons/wallet.svg]
[moniepoint.com/ng/savings/save-as-you-transact.html]
[moniepoint.com/_next/static/css/1cac4b5969db33ef.css]
[moniepoint.com/millionaire-season/prize-1.svg]
[moniepoint.com/millionaire-season/prize-2.svg]
[moniepoint.com/millionaire-season/prize-3.svg]
[moniepoint.com/millionaire-season/prize-4.svg]
[moniepoint.com/millionaire-season/prize-5.svg]
[moniepoint.com/millionaire-season/prize-6.svg]
[moniepoint.com/business/moniehelp.svg]
[moniepoint.com/business/moniehelp-2.svg]
[moniepoint.com/global/spiral.svg]
[moniepoint.com/_next/static/css/2d52f28c12897d67.css]
[moniepoint.com/global/mission.svg]
[moniepoint.com/global/mission-mb.svg]
[moniepoint.com/_next/static/css/d6fd252b486027a2.css]
[moniepoint.com/stats/bus.svg]
[moniepoint.com/stats/card-2.svg]
[moniepoint.com/_next/static/css/a232d1b13538452d.css]
[moniepoint.com/flags/uk.svg]
[moniepoint.com/flags/us.svg]
[moniepoint.com/contact/world.svg]
[moniepoint.com/blog/author/oluwanifemi-adewolu.html]
[moniepoint.com/blog/author/aderinola-makinde.html]
[moniepoint.com/blog/from-bootcamp-to-full-time-dreammaker.html]
[moniepoint.com/blog/author/bofamene-berepamo.html]
[moniepoint.com/_next/static/css/f206c72c7fb3db6f.css]
[moniepoint.com/_next/static/chunks/pages/blog/categories/[category]/[slug]-4ec064b04b3581a8.js]
[moniepoint.com/blog/categories/education-series/dispute-resolution.html]
[moniepoint.com/blog/categories/education-series/fraud-education.html]
[moniepoint.com/blog/categories/education-series/kyc-education.html]
[moniepoint.com/blog/categories/education-series/terminal-related-issue.html]
[moniepoint.com/blog/how-do-i-resolve-transfer-issues.html]
[moniepoint.com/blog/how-the-world-has-changed-since-our-first-business-loan.html]
[moniepoint.com/blog/how-olorunrinu-is-powering-community-nightlife-in-lagos-with-a-generational-recipe.html]
[moniepoint.com/blog/powering-the-dreams-of-west-africas-first-food-truck-park.html]
[moniepoint.com/blog/author/favour-olusola.html]
[moniepoint.com/blog/a-decade-of-impact-2025-in-review.html]
[moniepoint.com/blog/on-fueling-a-nation-how-moniepoint-powers-nigerias-oil-and-gas-industry.html]
[moniepoint.com/blog/moniepoint-recognised-as-game-changer-as-it-clinches-fintech-company-of-the-year-at-independent-awards-2025.html]
[moniepoint.com/blog/moniepoint-partners-with-gdg-lagos-and-women-techmakers-to-empower-the-next-generation-of-women-architects-in-tech.html]
[moniepoint.com/blog/moniepoint-microfinance-bank-bags-three-awards-reaffirms-industry-leadership-in-innovation-and-inclusion.html]
[moniepoint.com/blog/moniepoint-commences-dreamdevs-bootcamp.html]
[moniepoint.com/blog/author/victory-okoyomoh.html]
[moniepoint.com/blog/from-intern-to-team-lead-celestinas-moniepoint-story.html]
[moniepoint.com/blog/behind-the-watchlist-a-moniepoint-data-engineers-story-in-episodes-and-feeds.html]
[moniepoint.com/blog/how-to-block-your-atm-card.html]
[moniepoint.com/blog/moniepoint-10naira-ussd-fee.html]
[moniepoint.com/blog/whats-the-point-of-physical-address-verification.html]
[moniepoint.com/blog/how-we-made-card-transactions-a-way-to-save.html]
[moniepoint.com/blog/whats-the-point-of-virtual-cards.html]
[moniepoint.com/blog/author/gloria-akor.html]
[moniepoint.com/blog/making-the-dream-how-we-built-an-intuitive-savings-companion-for-nigerians.html]
[moniepoint.com/blog/the-monnify-guide-to-developer-documentation.html]
[moniepoint.com/blog/how-we-built-the-first-direct-integration-with-nigerias-corporate-affairs-commission.html]
[moniepoint.com/blog/author/bemigho-awala.html]
[moniepoint.com/blog/categories/engineering/culture.html]
[moniepoint.com/blog/categories/engineering/data.html]
[moniepoint.com/blog/categories/engineering/infrastructure.html]
[moniepoint.com/blog/categories/engineering/payments.html]
[moniepoint.com/blog/categories/engineering/research-and-thinking.html]
[moniepoint.com/blog/categories/engineering/security-and-reliability.html]
[moniepoint.com/_next/static/css/a9f377b3ecb8313a.css]
[moniepoint.com/blog/author/adrian-agho.html]
[moniepoint.com/blog/how-to-open-a-moniepoint-business-bank-account.html]
[moniepoint.com/blog/update-kyc-physical-address.html]
[moniepoint.com/savings/flexible-savings-2.png]
[moniepoint.com/savings/flexible-savings-1.png]
[moniepoint.com/savings/locked-bg-1.png]
[moniepoint.com/savings/locked-bg-2.png]
[moniepoint.com/savings/fixed-deposit-bg-2.png]
[moniepoint.com/savings/fixed-deposit-bg-1.png]
[moniepoint.com/savings/target-savings-bg-2.png]
[moniepoint.com/savings/target-savings-bg-1.png]
[moniepoint.com/savings/sayt-bg-2.png]
[moniepoint.com/savings/sayt-bg-1.png]
[moniepoint.com/_next/static/css/caab01eeb8db3a1d.css]
[moniepoint.com/icons/goal.svg]
[moniepoint.com/icons/emergency.svg]
[moniepoint.com/icons/award.svg]
[moniepoint.com/icons/interest.svg]
[moniepoint.com/icons/topup.svg]
[moniepoint.com/icons/secure.svg]
[moniepoint.com/icons/halal2.svg]
[moniepoint.com/icons/hand.svg]
[moniepoint.com/icons/rollover.svg]
[moniepoint.com/icons/halal.svg]
[moniepoint.com/icons/clock.svg]
[moniepoint.com/blog/moniepoint-microfinance-bank-clarifies-misleading-claims-regarding-customer-detention.html]
[moniepoint.com/blog/best-savings-apps-nigeria.html]
[moniepoint.com/businesses/bg.svg]
[moniepoint.com/icons/flag.svg]
[moniepoint.com/icons/wallet.svg]
[moniepoint.com/global/spiral.svg]
[moniepoint.com/global/mission.svg]
[moniepoint.com/global/mission-mb.svg]
[moniepoint.com/blog/author/aderinola-makinde.html]
[moniepoint.com/blog/author/favour-olusola.html]
[moniepoint.com/blog/inventory-management-matters-for-business-owners.html]
[moniepoint.com/blog/how-we-built-the-2025-informal-economy-report.html]
[moniepoint.com/blog/author/victory-okoyomoh.html]
[moniepoint.com/blog/author/gloria-akor.html]
[moniepoint.com/blog/the-truth-about-informality-what-we-learnt-in-bayelsa.html]
[moniepoint.com/blog/author/adrian-agho.html]
[moniepoint.com/blog/update-kyc-physical-address.html]
[moniepoint.com/blog/fullstack-engineer-to-svp-of-design.html]
[moniepoint.com/ng/business/moniebook]
[moniepoint.com/blog/inventory-management-matters-for-business-owners.html]
[moniepoint.com/blog/how-we-built-the-2025-informal-economy-report.html]
[moniepoint.com/blog/the-truth-about-informality-what-we-learnt-in-bayelsa.html]
[moniepoint.com/blog/fullstack-engineer-to-svp-of-design.html]
[moniepoint.com/ng/business/moniebook.html]
[moniepoint.com/blog/meet-kamona-the-design-system-pulsing-through-teamapts-products.html]
[moniepoint.com/blog/author/leslie-isah.html]
[moniepoint.com/inside-moniepoint.html]
[moniepoint.com/blog/meet-kamona-the-design-system-pulsing-through-teamapts-products.html]
[moniepoint.com/blog/author/leslie-isah.html]
[moniepoint.com/inside-moniepoint.html]
